// Jest Snapshot v1, https://goo.gl/fbAQLP

exports[`Controlled Form should render correctly 1`] = `
<DocumentFragment>
  <form>
    <div>
      <div
        class="MuiFormControl-root MuiTextField-root"
      >
        <label
          class="MuiFormLabel-root MuiInputLabel-root MuiInputLabel-formControl MuiInputLabel-animated MuiInputLabel-filled"
          data-shrink="false"
        >
          Text Field
        </label>
        <div
          class="MuiInputBase-root MuiFilledInput-root MuiFilledInput-underline MuiInputBase-formControl"
        >
          <input
            aria-invalid="false"
            class="MuiInputBase-input MuiFilledInput-input"
            name="firstName"
            type="text"
            value=""
          />
        </div>
      </div>
    </div>
    <button
      class="MuiButtonBase-root MuiButton-root MuiButton-text"
      tabindex="0"
      type="submit"
    >
      <span
        class="MuiButton-label"
      >
        Submit
      </span>
      <span
        class="MuiTouchRipple-root"
      />
    </button>
  </form>
</DocumentFragment>
`;
